0m
[0;32mI (0)ï¿½ets Jun  8 2016 00:22:57

rst:0x1 (POWERON_RESET),boot:0x13 (SPI_FAST_FLASH_BOOT)
configsip: 0, SPIWP:0xee
clk_drv:0x00,q_drv:0x00,d_drv:0x00,cs0_drv:0x00,hd_drv:0x00,wp_drv:0x00
mode:DIO, clock div:2
load:0x3fff0030,len:7132
ho 0 tail 12 room 4
load:0x40078000,len:15708
load:0x40080400,len:4
ho 8 tail 4 room 4
load:0x40080404,len:3884
entry 0x40080650
[0;32mI (32) boot: ESP-IDF v5.2-dev-1890-g28167ea5a3 2nd stage bootloader[0m
[0;32mI (32) boot: compile time Jul 29 2023 17:35:40[0m
[0;32mI (34) boot: Multicore bootloader[0m
[0;32mI (38) boot: chip revision: v1.0[0m
[0;32mI (42) boot.esp32: SPI Speed      : 40MHz[0m
[0;32mI (46) boot.esp32: SPI Mode       : DIO[0m
[0;32mI (51) boot.esp32: SPI Flash Size : 2MB[0m
[0;32mI (56) boot: Enabling RNG early entropy source...[0m
[0;32mI (61) boot: Partition Table:[0m
[0;32mI (65) boot: ## Label            Usage          Type ST Offset   Length[0m
[0;32mI (72) boot:  0 nvs              WiFi data        01 02 00009000 00006000[0m
[0;32mI (79) boot:  1 phy_init         RF data          01 01 0000f000 00001000[0m
[0;32mI (87) boot:  2 factory          factory app      00 00 00010000 00100000[0m
[0;32mI (94) boot: End of partition table[0m
[0;32mI (98) esp_image: segment 0: paddr=00010020 vaddr=3f400020 size=0a0d0h ( 41168) map[0m
[0;32mI (122) esp_image: segment 1: paddr=0001a0f8 vaddr=3ffb0000 size=02148h (  8520) load[0m
[0;32mI (125) esp_image: segment 2: paddr=0001c248 vaddr=40080000 size=03dd0h ( 15824) load[0m
[0;32mI (134) esp_image: segment 3: paddr=00020020 vaddr=400d0020 size=14b5ch ( 84828) map[0m
[0;32mI (167) esp_image: segment 4: paddr=00034b84 vaddr=40083dd0 size=081e8h ( 33256) load[0m
[0;32mI (187) boot: Loaded app from partition at offset 0x10000[0m
[0;32mI (187) boot: Disabling RNG early entropy source...[0m
[0;32mI (198) cpu_start: Multicore app[0m
[0;32mI (199) cpu_start: Pro cpu up.[0m
[0;32mI (199) cpu_start: Starting app cpu, entry point is 0x40081030[0m
[0;32mI (0) cpu_start: App cpu up.[0m
[0;32mI (217) cpu_start: Pro cpu start user code[0m
[0;32mI (217) cpu_start: cpu freq: 160000000 Hz[0m
[0;32mI (217) cpu_start: Application information:[0m
[0;32mI (222) cpu_start: Project name:     blink[0m
[0;32mI (226) cpu_start: App version:      1[0m
[0;32mI (231) cpu_start: Compile time:     Jul 29 2023 17:35:34[0m
[0;32mI (237) cpu_start: ELF file SHA256:  5a758411e...[0m
[0;32mI (242) cpu_start: ESP-IDF:          v5.2-dev-1890-g28167ea5a3[0m
[0;32mI (249) cpu_start: Min chip rev:     v0.0[0m
[0;32mI (253) cpu_start: Max chip rev:     v3.99 [0m
[0;32mI (258) cpu_start: Chip rev:         v1.0[0m
[0;32mI (263) heap_init: Initializing. RAM available for dynamic allocation:[0m
[0;32mI (270) heap_init: At 3FFAE6E0 len 00001920 (6 KiB): DRAM[0m
[0;32mI (276) heap_init: At 3FFB29C0 len 0002D640 (181 KiB): DRAM[0m
[0;32mI (282) heap_init: At 3FFE0440 len 00003AE0 (14 KiB): D/IRAM[0m
[0;32mI (289) heap_init: At 3FFE4350 len 0001BCB0 (111 KiB): D/IRAM[0m
[0;32mI (295) heap_init: At 4008BFB8 len 00014048 (80 KiB): IRAM[0m
[0;32mI (303) spi_flash: detected chip: generic[0m
[0;32mI (306) spi_flash: flash io: dio[0m
[0;33mW (310) spi_flash: Detected size(4096k) larger than the size in the binary image header(2048k). Using the size in the binary image header.[0m
[0;32mI (324) app_start: Starting scheduler on CPU0[0m
[0;32mI (328) app_start: Starting scheduler on CPU1[0m
[0;32mI (328) main_task: Started on CPU0[0m
[0;32mI (338) main_task: Calling app_main()[0m
[0;32mI (338) example: Example configured to blink GPIO LED![0m
[0;32mI (338) gpio: GPIO[5]| InputEn: 0| OutputEn: 0| OpenDrain: 0| Pullup: 1| Pulldown: 0| Intr:0 [0m
[0;32mI (348) example: Turning the LED OFF![0m
[0;32mI (1358) example: Turning the LED ON![0m
[0;32mI (2358) example: Turning the LED OFF![0m
[0;32mI (3358) example: Turning the LED ON![0m
[0;32mI (4358) example: Turning the LED OFF![0m
[0;32mI (5358) example: Turning the LED ON![0m
[0;32mI (6358) example: Turning the LED OFF![0m
[0;32mI (7358) example: Turning the LED ON![0m
[0;32mI (8358) example: Turning the LED OFF![0m
[0;32mI (9358) example: Turning the LED ON![0m
[0;32mI (10358) example: Turning the LED OFF![0m
[0;32mI (11358) example: Turning the LED ON![0m
[0;32mI (12358) example: Turning the LED OFF![0m
[0;32mI (13358) example: Turning the LED ON![0m
[0;32mI (14358) example: Turning the LED OFF![0m
[0;32mI (15358) example: Turning the LED ON![0m
